// Jest Snapshot v1, https://goo.gl/fbAQLP

exports[`Shows renders correctly 1`] = `
<Route>
  <Component />
</Route>
`;
